// Jest Snapshot v1, https://goo.gl/fbAQLP

exports[`SelectionService SelectionService snapshot 1`] = `
SelectionService {
  "activeContent": ObservableValue {
    "observers": Set {
      ValueObserver {
        "callback": [Function],
        "observable": [Circular],
      },
    },
  },
  "logger": Object {
    "addEntry": [Function],
    "debug": [Function],
    "error": [Function],
    "fatal": [Function],
    "information": [Function],
    "verbose": [Function],
    "warning": [Function],
  },
  "selection": ObservableValue {
    "currentValue": Array [],
    "observers": Set {
      ValueObserver {
        "callback": [Function],
        "observable": [Circular],
      },
    },
  },
}
`;
